// Jest Snapshot v1, https://goo.gl/fbAQLP

exports[`SubjectSelect renders correct structure 1`] = `
<ButtonGroup
  className="subjectSelect"
  role="group"
  tag="div"
>
  <Button
    color="secondary"
    key="subjectSelect-ELA-button"
    onClick={[Function]}
    style={
      Object {
        "backgroundColor": "green",
      }
    }
    tag="button"
  >
    ELA
  </Button>
  <Button
    color="secondary"
    key="subjectSelect-MATH-button"
    onClick={[Function]}
    style={
      Object {
        "backgroundColor": "green",
      }
    }
    tag="button"
  >
    MATH
  </Button>
</ButtonGroup>
`;
